// Jest Snapshot v1, https://goo.gl/fbAQLP

exports[`test omni container should render main pages with props 1`] = `
<ForwardRef(styled.div)>
  <ForwardRef(styled.div)>
    <ForwardRef(styled.div)
      size={1}
    >
      <ForwardRef(styled.div)
        className="Search-Block"
      >
        <SearchComponent
          placeholder="Введите для поиска"
          searchHandler={[Function]}
        />
      </ForwardRef(styled.div)>
      <ForwardRef(styled.div)>
        <TasksComponents
          referenceValue={Array []}
          results={Array []}
          ticketHandler={[Function]}
          ticketValue={Object {}}
        />
      </ForwardRef(styled.div)>
    </ForwardRef(styled.div)>
    <ForwardRef(styled.div)
      size={2}
    >
      
    </ForwardRef(styled.div)>
    <ForwardRef(styled.div)
      size={4}
    />
  </ForwardRef(styled.div)>
</ForwardRef(styled.div)>
`;

exports[`test omni container should render main pages without props 1`] = `
<p>
  loading
</p>
`;
